Link dev7_m_rom_German                                                                21:18 13 Dez 2018  Page 1

Linker command file  Ram8_src_minerva_4330_link
Map file             dev7_m_rom_German_map
Program file         dev7_m_rom_German

INPUT       dev7_m_rom_ver_rel
INPUT       dev7_m_rom_ver_German_rel
INPUT       dev7_m_ss_lib
INPUT       dev7_m_io_lib
INPUT       dev7_m_ip_lib
INPUT       dev7_m_mt_lib
INPUT       dev7_m_bp_lib
INPUT       dev7_m_mm_lib
INPUT       dev7_m_cn_lib
INPUT       dev7_m_ut_lib
INPUT       dev7_m_bv_lib
INPUT       dev7_m_md_lib
INPUT       dev7_m_nd_lib
INPUT       dev7_m_ca_lib
INPUT       dev7_m_ri_lib
INPUT       dev7_m_od_lib
INPUT       dev7_m_sd_lib
INPUT       dev7_m_dd_lib
INPUT       dev7_m_pa_lib
INPUT       dev7_m_pf_lib
INPUT       dev7_m_sb_lib
INPUT       dev7_m_bf_lib
INPUT       dev7_m_ib_lib
INPUT       dev7_m_gw_lib
INPUT       dev7_m_cs_lib
INPUT       dev7_m_ii_lib
INPUT       dev7_m_tb_German_lib

SECTION  000000  000000  ROM
000000    ROM_VER GST 68000 Macro Assembler Quanta V1.06 00:25 07/12/18
000000    SRC_MINERVA_ROM_VER_GERMAN GST 68000 Macro Assembler Quanta V1.06 22:11 21/11/18

SECTION  000000  00025A  SS_BASE
000000    SRC_MINERVA_SS_BASE GST 68000 Macro Assembler Quanta V1.06 10:35 27/02/18

SECTION  00025A  0004D6  SS_RAMT
00025A    SRC_MINERVA_SS_RAMT GST 68000 Macro Assembler Quanta V1.06 23:15 02/03/17
   000410  SS_RAMT

SECTION  0004D6  000620  SS_INIT
0004D6    SRC_MINERVA_SS_INIT GST 68000 Macro Assembler Quanta V1.06 09:41 12/12/18
   0004E2  SS_INIT

SECTION  000620  00063E  SS_LIST
000620    SRC_MINERVA_SS_LIST GST 68000 Macro Assembler Quanta V1.06 09:41 12/12/18
   00063E  SS_LIST

SECTION  00063E  000670  SS_EXT
00063E    SRC_MINERVA_SS_EXT GST 68000 Macro Assembler Quanta V1.06 09:41 12/12/18
   00063E  SS_EXT

SECTION  000670  000738  SS_INT2
000670    SRC_MINERVA_SS_INT2 GST 68000 Macro Assembler Quanta V1.06 23:15 02/03/17
   0006A8  SS_INT2Link dev7_m_rom_German                                                                21:18 13 Dez 2018  Page 2

   0006A8  SS_INTRD
   0006EE  SS_NOER
   0006F0  SS_RTE

SECTION  000738  00078E  SS_JOB
000738    SRC_MINERVA_SS_JOB GST 68000 Macro Assembler Quanta V1.06 23:15 02/03/17
   000738  SS_JOBX
   00073C  SS_JOBY
   000760  SS_JOBA
   000784  SS_JOBC

SECTION  00078E  0007E2  SS_ISER
00078E    SRC_MINERVA_SS_ISER GST 68000 Macro Assembler Quanta V1.06 23:15 02/03/17
   FFC78E  SS$WSER
   FFC7CE  SS$RSER
   00078E  SS_WSER
   0007CE  SS_RSER

SECTION  0007E2  000812  SS_UTIL
0007E2    SRC_MINERVA_SS_UTIL GST 68000 Macro Assembler Quanta V1.06 23:15 02/03/17
   0007E2  SS_JTAG
   0007E6  SS_TAG

SECTION  000812  00083E  SS_TLIST
000812    SRC_MINERVA_SS_TLIST GST 68000 Macro Assembler Quanta V1.06 23:15 02/03/17
   000812  SS_TLIST

SECTION  00083E  00093C  SS_RESHD
00083E    SRC_MINERVA_SS_RESHD GST 68000 Macro Assembler Quanta V1.06 23:15 02/03/17
   00083E  SS_RESHD
   000868  SS_DLJOB
   00091C  SS_RJ0

SECTION  00093C  000972  IO_CHANX
00093C    SRC_MINERVA_IO_CHANX GST 68000 Macro Assembler Quanta V1.06 23:15 02/03/17
   00093C  IO_CHANX

SECTION  000972  0009DC  IO_FDRIV
000972    SRC_MINERVA_IO_FDRIV GST 68000 Macro Assembler Quanta V1.06 23:15 02/03/17
   000976  IO_FDRIV

SECTION  0009DC  000AE6  IO_FOPEN
0009DC    SRC_MINERVA_IO_FOPEN GST 68000 Macro Assembler Quanta V1.06 23:15 02/03/17
   0009DC  IO_FOPEN
   000A4E  IO_RELCH

SECTION  000AE6  000B78  IO_NAME
000AE6    SRC_MINERVA_IO_NAME GST 68000 Macro Assembler Quanta V1.06 23:15 02/03/17
   000AE6  IO_NAME

SECTION  000B78  000C08  IO_QUEUE
000B78    SRC_MINERVA_IO_QUEUE GST 68000 Macro Assembler Quanta V1.06 23:15 02/03/17
   FFCB82  IO$QSETL
   000B78  IO_QSET
   000B82  IO_QSETL
   000B94  IO_QTEST
   000BC8  IO_QIN
   000BE8  IO_QOUTLink dev7_m_rom_German                                                                21:18 13 Dez 2018  Page 3

   000C04  IO_QEOF

SECTION  000C08  000C9C  IO_SCHED
000C08    SRC_MINERVA_IO_SCHED GST 68000 Macro Assembler Quanta V1.06 23:15 02/03/17
   000C08  IO_JBCHK
   000C22  IO_SCHED

SECTION  000C9C  000D7A  IO_SERIO
000C9C    SRC_MINERVA_IO_SERIO GST 68000 Macro Assembler Quanta V1.06 23:46 26/02/18
   000CA8  IO_SERIO
   000CAA  IO_RELIO

SECTION  000D7A  000E60  IO_TRAP2
000D7A    SRC_MINERVA_IO_TRAP2 GST 68000 Macro Assembler Quanta V1.06 23:15 02/03/17
   000D7A  IO_TRAP2

SECTION  000E60  000F28  IO_TRAP3
000E60    SRC_MINERVA_IO_TRAP3 GST 68000 Macro Assembler Quanta V1.06 23:15 02/03/17
   000E60  IO_TRAP3

SECTION  000F28  000F42  IO_TRAP4
000F28    SRC_MINERVA_IO_TRAP4 GST 68000 Macro Assembler Quanta V1.06 23:15 02/03/17
   000F28  IO_TRAP4

SECTION  000F42  0010DA  IP_INT
000F42    SRC_MINERVA_IP_INT GST 68000 Macro Assembler Quanta V1.06 23:15 02/03/17
   000F42  IP_POLL
   000F4E  IP_IPCR
   000FAE  IP_SETAD
   000FBA  IP_ADCMD
   000FBE  IP_RDWR
   001034  IP_SCHED
   001046  IP_TXQO

SECTION  0010DA  001204  IP_KBRD
0010DA    SRC_MINERVA_IP_KBRD GST 68000 Macro Assembler Quanta V1.06 23:15 02/03/17
   FFD0DA  IP$KBRD
   FFD0EE  IP$KBEND
   0010DA  IP_KBRD
   0010EE  IP_KBEND
   0011E6  IP_DSPM

SECTION  001204  001276  MT_TRAP
001204    SRC_MINERVA_MT_TRAP GST 68000 Macro Assembler Quanta V1.06 23:15 02/03/17
   001204  MT_TRAP

SECTION  001276  001292  MT_INF
001276    SRC_MINERVA_MT_INF GST 68000 Macro Assembler Quanta V1.06 23:15 02/03/17
   001276  MT_INF
   00128A  MT_EXTOP

SECTION  001292  00131A  MT_CJOB
001292    SRC_MINERVA_MT_CJOB GST 68000 Macro Assembler Quanta V1.06 23:15 02/03/17
   001292  MT_CJOB
   0012F4  MT_CJ0

SECTION  00131A  00149E  MT_JINF
00131A    SRC_MINERVA_MT_JINF GST 68000 Macro Assembler Quanta V1.06 23:15 02/03/17Link dev7_m_rom_German                                                                21:18 13 Dez 2018  Page 4

   00131A  MT_JINF
   00137A  MT_RJOB
   00138E  MT_FRJOB
   001462  MT_CLOSE

SECTION  00149E  0014C2  MT_FREE
00149E    SRC_MINERVA_MT_FREE GST 68000 Macro Assembler Quanta V1.06 23:15 02/03/17
   00149E  MT_FREE

SECTION  0014C2  0014D6  MT_TRAPV
0014C2    SRC_MINERVA_MT_TRAPV GST 68000 Macro Assembler Quanta V1.06 23:15 02/03/17
   0014C2  MT_TRAPV

SECTION  0014D6  001546  MT_SUSJB
0014D6    SRC_MINERVA_MT_SUSJB GST 68000 Macro Assembler Quanta V1.06 23:15 02/03/17
   0014D6  MT_PRIOR
   0014E6  MT_ACTIV
   00151C  MT_SUSJB
   00152A  MT_RELJB

SECTION  001546  0016DE  MT_ALLOC
001546    SRC_MINERVA_MT_ALLOC GST 68000 Macro Assembler Quanta V1.06 23:15 02/03/17
   001546  MT_ALLOC
   001554  MT_LNKFR
   00156C  MT_ALCHP
   001594  MT_RECHP
   00159E  MT_ALRES
   0015C8  MT_RERES
   0015F6  MT_REBAS
   00162A  MT_ALBAS

SECTION  0016DE  0017D4  MT_DMODE
0016DE    SRC_MINERVA_MT_DMODE GST 68000 Macro Assembler Quanta V1.06 23:15 02/03/17
   0016DE  MT_DMODE

SECTION  0017D4  001880  MT_IPCOM
0017D4    SRC_MINERVA_MT_IPCOM GST 68000 Macro Assembler Quanta V1.06 23:16 02/03/17
   0017D4  MT_IPCOM

SECTION  001880  001910  MT_BAUD
001880    SRC_MINERVA_MT_BAUD GST 68000 Macro Assembler Quanta V1.06 23:16 02/03/17
   001880  MT_BAUD

SECTION  001910  00194E  MT_RCLCK
001910    SRC_MINERVA_MT_RCLCK GST 68000 Macro Assembler Quanta V1.06 23:16 02/03/17
   001910  MT_RCLCK
   001910  MT_ACLCK
   001910  MT_SCLCK

SECTION  00194E  001968  MT_LXINT
00194E    SRC_MINERVA_MT_LXINT GST 68000 Macro Assembler Quanta V1.06 23:16 02/03/17
   00194E  MT_LSCHD
   00194E  MT_LDD
   00194E  MT_LPOLL
   00194E  MT_LIOD
   00194E  MT_LXINT
   00195A  MT_RIOD
   00195A  MT_RSCHDLink dev7_m_rom_German                                                                21:18 13 Dez 2018  Page 5

   00195A  MT_RPOLL
   00195A  MT_RDD
   00195A  MT_RXINT

SECTION  001968  0019B4  MT_CNTRY
001968    SRC_MINERVA_MT_CNTRY GST 68000 Macro Assembler Quanta V1.06 23:16 02/03/17
   001968  MT_CNTRY

SECTION  0019B4  001AF6  BP_WINDW
0019B4    SRC_MINERVA_BP_WINDW GST 68000 Macro Assembler Quanta V1.06 23:16 02/03/17
   0019EA  BP_BLOCK
   0019EC  BP_BORDR
   0019EE  BP_WINDW
   001A1E  BP_RECOL
   001A3C  BP_WIDTH
   001A48  BP_PAPER
   001A4A  BP_INK
   001A4C  BP_STRIP
   001A7C  BP_OVER
   001A7E  BP_UNDER
   001A80  BP_FLASH
   001A9E  BP_FILL
   001AAE  BP_CSIZE
   001AB0  BP_AT
   001AC2  BP_CURSR
   001ACE  BP_CLS
   001AD0  BP_PAN
   001AD2  BP_SCROL

SECTION  001AF6  001B62  BP_TURTL
001AF6    SRC_MINERVA_BP_TURTL GST 68000 Macro Assembler Quanta V1.06 23:16 02/03/17
   001AF6  BP_MOVE
   001AF8  BP_TURN
   001AFA  BP_TURNO
   001B2C  BP_PENDN
   001B2E  BP_PENUP

SECTION  001B62  001C48  BP_MISC
001B62    SRC_MINERVA_BP_MISC GST 68000 Macro Assembler Quanta V1.06 23:16 02/03/17
   001B6C  BP_REPOT
   001B8A  BP_MODE
   001BAC  BP_NET
   001BBE  BP_CALL
   001BE4  BP_RANDE
   001C14  BP_BAUD
   001C20  BP_TRA

SECTION  001C48  001F5E  BP_PRINT
001C48    SRC_MINERVA_BP_PRINT GST 68000 Macro Assembler Quanta V1.06 23:16 02/03/17
   001C48  BP_PRINT
   001C4A  BP_INPUT
   001EDE  BP_RDBUF

SECTION  001F5E  001FE4  BP_POKE
001F5E    SRC_MINERVA_BP_POKE GST 68000 Macro Assembler Quanta V1.06 23:16 02/03/17
   001F5E  BP_POKEL
   001F60  BP_POKEW
   001F62  BP_POKELink dev7_m_rom_German                                                                21:18 13 Dez 2018  Page 6

   001F66  BP_PEPO

SECTION  001FE4  002114  BP_GRAFX
001FE4    SRC_MINERVA_BP_GRAFX GST 68000 Macro Assembler Quanta V1.06 23:16 02/03/17
   002034  BP_GCUR
   002056  BP_SCALE
   002068  BP_POINR
   00206A  BP_POINT
   00206E  BP_LINER
   002070  BP_LINE
   00207C  BP_ARCR
   00207E  BP_ARC
   00208A  BP_CIRCR
   00208A  BP_ELLIR
   00208C  BP_CIRCE
   00208C  BP_ELLIE

SECTION  002114  0024B0  BP_FILES
002114    SRC_MINERVA_BP_FILES GST 68000 Macro Assembler Quanta V1.06 23:16 02/03/17
   FFE2C6  BP$FNAME
   002114  BP_EXECW
   002116  BP_EXEC
   00221E  BP_LBYTS
   00226C  BP_SEXEC
   00226E  BP_SBYTS
   002294  BP_DELEE
   0022A0  BP_SAVE
   002312  BP_FOPIN
   00233E  BP_DIR
   00238A  BP_FORMT
   0023D2  BP_COPYN
   0023D4  BP_COPY
   002442  BP_CLOSE
   002484  BP_OPENW
   002486  BP_OPENN
   002488  BP_OPEN

SECTION  0024B0  00254A  BP_CHAN
0024B0    SRC_MINERVA_BP_CHAN GST 68000 Macro Assembler Quanta V1.06 23:16 02/03/17
   FFE4D6  BP$CHNEW
   FFE502  BP$CHAN
   FFE504  BP$CHAND
   FFE52C  BP$CHNID
   0024D6  BP_CHNEW
   002502  BP_CHAN
   002504  BP_CHAND
   00252C  BP_CHNID

SECTION  00254A  0025C8  BP_BEEP
00254A    SRC_MINERVA_BP_BEEP GST 68000 Macro Assembler Quanta V1.06 23:16 02/03/17
   00254A  BP_BEEP

SECTION  0025C8  002ADC  BP_INIT
0025C8    SRC_MINERVA_BP_INIT GST 68000 Macro Assembler Quanta V1.06 23:16 02/03/17
   0025C8  BP_INIT0
   0025CC  BP_INIT

SECTION  002ADC  002C52  BP_READLink dev7_m_rom_German                                                                21:18 13 Dez 2018  Page 7

002ADC    SRC_MINERVA_BP_READ GST 68000 Macro Assembler Quanta V1.06 23:16 02/03/17
   002ADC  BP_RDCHK
   002B14  BP_READ
   002B5A  BP_ARSET
   002B7A  BP_ARNXT
   002BA6  BP_AREND
   002C12  BP_ARIND

SECTION  002C52  002D12  BP_STOP
002C52    SRC_MINERVA_BP_STOP GST 68000 Macro Assembler Quanta V1.06 23:16 02/03/17
   002C52  BP_RETRY
   002C5C  BP_CONTE
   002C70  BP_CONTI
   002C76  BP_STOP
   002C78  BP_NEW
   002C7E  BP_RUN
   002C9C  BP_LOAD
   002CAA  BP_MERGE
   002CAC  BP_MRUN
   002CB0  BP_LRUN
   002CC4  BP_CLEAR
   002CE8  BP_CHUNR
   002CFE  BP_COMCH

SECTION  002D12  002E5C  BP_LET
002D12    SRC_MINERVA_BP_LET GST 68000 Macro Assembler Quanta V1.06 23:16 02/03/17
   002D12  BP_LET
   002D66  BP_ALVV

SECTION  002E5C  0030F2  BP_RENUM
002E5C    SRC_MINERVA_BP_RENUM GST 68000 Macro Assembler Quanta V1.06 23:16 02/03/17
   002E5C  BP_AUTO
   002E5E  BP_EDIT
   002E62  BP_RENUM

SECTION  0030F2  003524  BP_LIST
0030F2    SRC_MINERVA_BP_LIST GST 68000 Macro Assembler Quanta V1.06 23:16 02/03/17
   0030F2  BP_GSEP
   003102  BP_DLINE
   003108  BP_LIST
   003110  BP_LISTD
   003196  BP_GINT
   0031B6  BP_LISTR
   0031BA  BP_LIST2
   003240  BP_LISTE
   003290  BP_CHKLS
   003298  BP_LSQZP
   00329C  BP_LSZAP
   0032AE  BP_DETOK
   0032C6  BP_LISTF

SECTION  003524  003596  BP_DATA
003524    SRC_MINERVA_BP_DATA GST 68000 Macro Assembler Quanta V1.06 23:16 02/03/17
   003524  BP_DATA

SECTION  003596  003646  MM_FSSB
003596    SRC_MINERVA_MM_FSSB GST 68000 Macro Assembler Quanta V1.06 23:16 02/03/17
   0035C8  MM_ALTOPLink dev7_m_rom_German                                                                21:18 13 Dez 2018  Page 8

   0035E2  MM_ALBOT
   003624  MM_RETOP
   00362E  MM_REBOT

SECTION  003646  003670  MM_SCAFR
003646    SRC_MINERVA_MM_SCAFR GST 68000 Macro Assembler Quanta V1.06 23:16 02/03/17
   003646  MM_SCAFR

SECTION  003670  0036B2  MM_MVJOB
003670    SRC_MINERVA_MM_MVJOB GST 68000 Macro Assembler Quanta V1.06 23:16 02/03/17
   003670  MM_MUBAS
   003676  MM_MDBAS
   003688  MM_MVJOB

SECTION  0036B2  003702  MM_LNKFR
0036B2    SRC_MINERVA_MM_LNKFR GST 68000 Macro Assembler Quanta V1.06 23:16 02/03/17
   0036B2  MM_LNKF0
   0036B6  MM_LNKFR

SECTION  003702  00373E  MM_ALLOC
003702    SRC_MINERVA_MM_ALLOC GST 68000 Macro Assembler Quanta V1.06 23:16 02/03/17
   003702  MM_ALLOC
   003706  MM_ALLOI

SECTION  00373E  003770  MM_RETRN
00373E    SRC_MINERVA_MM_RETRN GST 68000 Macro Assembler Quanta V1.06 23:16 02/03/17
   00373E  MM_RETRN

SECTION  003770  0037AC  MM_RECHP
003770    SRC_MINERVA_MM_RECHP GST 68000 Macro Assembler Quanta V1.06 23:16 02/03/17
   003770  MM_RECHP

SECTION  0037AC  003810  MM_ALTRN
0037AC    SRC_MINERVA_MM_ALTRN GST 68000 Macro Assembler Quanta V1.06 23:16 02/03/17
   0037AC  MM_WHTRN
   0037E6  MM_ALTRN
   0037EA  MM_GOTRN

SECTION  003810  00385E  MM_ALCHP
003810    SRC_MINERVA_MM_ALCHP GST 68000 Macro Assembler Quanta V1.06 23:16 02/03/17
   00382E  MM_ALCHP

SECTION  00385E  0039C6  MM_MOVE
00385E    SRC_MINERVA_MM_MOVE GST 68000 Macro Assembler Quanta V1.06 23:16 02/03/17
   FFF85E  MM$CLRR
   FFF862  MM$MRTOA
   FFF866  MM$MATOR
   FFF86A  MM$MRTOR
   FFF882  MM$CLEAR
   FFF936  MM$MOVE
   00385E  MM_CLRR
   003862  MM_MRTOA
   00386A  MM_MRTOR
   003882  MM_CLEAR
   003936  MM_MOVE

SECTION  0039C6  003B58  CN_STON
0039C6    SRC_MINERVA_CN_STON GST 68000 Macro Assembler Quanta V1.06 23:16 02/03/17Link dev7_m_rom_German                                                                21:18 13 Dez 2018  Page 9

   0039CC  CN_DTOF
   003AD0  CN_DTOI
   003AE2  CN_HTOIB
   003AE6  CN_HTOIW
   003AEA  CN_HTOIL
   003B38  CN_BTOIB
   003B3C  CN_BTOIW
   003B40  CN_BTOIL

SECTION  003B58  003BE6  CN_ITOS
003B58    SRC_MINERVA_CN_ITOS GST 68000 Macro Assembler Quanta V1.06 23:16 02/03/17
   003B58  CN_ITOD
   003B5E  CN_0TOD
   003B98  CN_ITOHL
   003B9C  CN_ITOHW
   003BA0  CN_ITOHB
   003BC4  CN_ITOBL
   003BC8  CN_ITOBW
   003BCC  CN_ITOBB

SECTION  003BE6  003CFC  CN_FTOD
003BE6    SRC_MINERVA_CN_FTOD GST 68000 Macro Assembler Quanta V1.06 23:16 02/03/17
   003BE6  CN_FTOD

SECTION  003CFC  003DEE  CN_DATE
003CFC    SRC_MINERVA_CN_DATE GST 68000 Macro Assembler Quanta V1.06 23:16 02/03/17
   003D44  CN_DATE
   003D76  CN_DAY

SECTION  003DEE  003F38  UT_CSTR
003DEE    SRC_MINERVA_UT_CSTR GST 68000 Macro Assembler Quanta V1.06 23:16 02/03/17
   FFFE0C  UT$ISTR
   003E0C  UT_ISTR
   003E72  UT_CSTR
   003E80  UT_CSSTR

SECTION  003F38  003F72  UT_ERR
003F38    SRC_MINERVA_UT_ERR GST 68000 Macro Assembler Quanta V1.06 23:16 02/03/17
   003F38  UT_ERR0
   003F42  UT_ERR

SECTION  003F72  003F86  UT_LINK
003F72    SRC_MINERVA_UT_LINK GST 68000 Macro Assembler Quanta V1.06 23:16 02/03/17
   003F72  UT_LINK
   003F7A  UT_UNLNK

SECTION  003F86  003FD8  UT_MESSB
003F86    SRC_MINERVA_UT_MESSB GST 68000 Macro Assembler Quanta V1.06 23:16 02/03/17
   003F86  UT_MINT
   003FA6  UT_MTEXT
   003FA8  UT_WRITE

SECTION  003FD8  004040  UT_WINDW
003FD8    SRC_MINERVA_UT_WINDW GST 68000 Macro Assembler Quanta V1.06 23:16 02/03/17
   003FD8  UT_WINDW
   003FE0  UT_CON
   003FF0  UT_SCR
   004002  UT_WRDEFLink dev7_m_rom_German                                                                21:18 13 Dez 2018  Page 10


SECTION  004040  004064  BV_VTYPE
004040    SRC_MINERVA_BV_VTYPE GST 68000 Macro Assembler Quanta V1.06 23:16 02/03/17
   004040  BV_VTYPE

SECTION  004064  004178  BV_NAMES
004064    SRC_MINERVA_BV_NAMES GST 68000 Macro Assembler Quanta V1.06 23:16 02/03/17
   004064  BV_NAMEI
   00409E  BV_NAMES

SECTION  004178  004306  BV_CHSTK
004178    SRC_MINERVA_BV_CHSTK GST 68000 Macro Assembler Quanta V1.06 23:16 02/03/17
   004178  BV_CHRI
   00417A  BV_CHRIX
   00417E  BV_CHBT
   00418A  BV_CHNT
   004190  BV_CHRT
   004196  BV_CHBFX
   00419A  BV_CHTKX
   00419E  BV_CHNLX
   0041A2  BV_CHVVX
   0041A6  BV_CHCHX
   0041AA  BV_CHLNX
   0041AE  BV_CHPFX
   0041C0  BV_CHSS
   0041C4  BV_CHSSX
   00422E  BV_OM
   004234  BV_DIE
   004254  BV_NEW
   004258  BV_CLEAR
   00427E  BV_CLRT

SECTION  004306  004366  BV_ALVV
004306    SRC_MINERVA_BV_ALVV GST 68000 Macro Assembler Quanta V1.06 23:16 02/03/17
   004306  BV_ALVV
   00430E  BV_ALVVZ
   00434A  BV_FRVV

SECTION  004366  004388  BV_UPNXT
004366    SRC_MINERVA_BV_UPNXT GST 68000 Macro Assembler Quanta V1.06 23:16 02/03/17
   00437E  BV_UPNXT
   004380  BV_UPLET
   004382  BV_UPMCF
   004384  BV_UPSWP
   004386  BV_UPRNM

SECTION  004388  0043B6  MD_ENDGP
004388    SRC_MINERVA_MD_ENDGP GST 68000 Macro Assembler Quanta V1.06 23:16 02/03/17
   004388  MD_ENDGP

SECTION  0043B6  00451C  MD_FORMT
0043B6    SRC_MINERVA_MD_FORMT GST 68000 Macro Assembler Quanta V1.06 23:16 02/03/17
   0043BA  MD_FORMT

SECTION  00451C  00453C  MD_SEDES
00451C    SRC_MINERVA_MD_SEDES GST 68000 Macro Assembler Quanta V1.06 23:16 02/03/17
   00051C  MD$SELEC
   000522  MD$DESELLink dev7_m_rom_German                                                                21:18 13 Dez 2018  Page 11

   00451C  MD_SELEC
   004522  MD_DESEL

SECTION  00453C  0046D4  MD_SERVE
00453C    SRC_MINERVA_MD_SERVE GST 68000 Macro Assembler Quanta V1.06 23:16 02/03/17
   004584  MD_SERVE

SECTION  0046D4  004712  MD_SLAVE
0046D4    SRC_MINERVA_MD_SLAVE GST 68000 Macro Assembler Quanta V1.06 23:16 02/03/17
   0046D4  MD_SLAVE
   0046D8  MD_SLAVN

SECTION  004712  0047F8  MD_READ
004712    SRC_MINERVA_MD_READ GST 68000 Macro Assembler Quanta V1.06 23:16 02/03/17
   000726  MD$SECTR
   000746  MD$READ
   00074C  MD$VERIN
   004712  MD_FSECT
   004726  MD_SECTR
   004746  MD_READ
   00474C  MD_VERIN
   004792  MD_VERIL

SECTION  0047F8  004874  MD_WRITE
0047F8    SRC_MINERVA_MD_WRITE GST 68000 Macro Assembler Quanta V1.06 23:16 02/03/17
   0007F8  MD$WRITE
   0047F8  MD_WRITE
   00482C  MD_WBLOK

SECTION  004874  004A46  ND_PHYS
004874    SRC_MINERVA_ND_PHYS GST 68000 Macro Assembler Quanta V1.06 23:16 02/03/17
   0048BA  ND_SPAC
   00497C  ND_RPAC

SECTION  004A46  004B02  CA_CARG
004A46    SRC_MINERVA_CA_CARG GST 68000 Macro Assembler Quanta V1.06 23:16 02/03/17
   004A50  CA_FRVAR
   004A90  CA_CARG

SECTION  004B02  004BE4  CA_CNCAT
004B02    SRC_MINERVA_CA_CNCAT GST 68000 Macro Assembler Quanta V1.06 23:16 02/03/17
   004B02  CA_CNCAT

SECTION  004BE4  004CC6  CA_CNVRT
004BE4    SRC_MINERVA_CA_CNVRT GST 68000 Macro Assembler Quanta V1.06 23:16 02/03/17
   000BE4  CA$CNVRT
   004BE4  CA_CNVRT

SECTION  004CC6  005028  CA_OPEXE
004CC6    SRC_MINERVA_CA_OPEXE GST 68000 Macro Assembler Quanta V1.06 23:16 02/03/17
   000D12  CA$OPEXE
   004D12  CA_OPEXE

SECTION  005028  00529A  CA_EVAL
005028    SRC_MINERVA_CA_EVAL GST 68000 Macro Assembler Quanta V1.06 23:16 02/03/17
   00103A  CA$EVAL
   005034  CA_EVALI
   005038  CA_EVALCLink dev7_m_rom_German                                                                21:18 13 Dez 2018  Page 12

   00503A  CA_EVAL
   005060  CA_EXPR
   00521A  CA_OLDNT
   005230  CA_NEWNT

SECTION  00529A  0053D2  CA_ETOS
00529A    SRC_MINERVA_CA_ETOS GST 68000 Macro Assembler Quanta V1.06 23:17 02/03/17
   00529A  CA_ETOS
   005346  CA_PUTSS
   00538C  CA_UNDO

SECTION  0053D2  005488  CA_FUN
0053D2    SRC_MINERVA_CA_FUN GST 68000 Macro Assembler Quanta V1.06 23:17 02/03/17
   0053D2  CA_FUN

SECTION  005488  005550  CA_GARG
005488    SRC_MINERVA_CA_GARG GST 68000 Macro Assembler Quanta V1.06 23:17 02/03/17
   005488  CA_CHKVV
   0054CC  CA_GARG

SECTION  005550  0055C6  CA_GTARG
005550    SRC_MINERVA_CA_GTARG GST 68000 Macro Assembler Quanta V1.06 23:17 02/03/17
   005550  CA_GTLI1
   005558  CA_GTFP1
   00555C  CA_GTST1
   005560  CA_GTIN1
   005574  CA_GTSTR
   005578  CA_GTINT
   00557C  CA_GTFP
   005580  CA_GTLIN

SECTION  0055C6  005730  CA_INDX
0055C6    SRC_MINERVA_CA_INDX GST 68000 Macro Assembler Quanta V1.06 23:17 02/03/17
   0055C6  CA_RANGE
   00560A  CA_INDX

SECTION  005730  0057CE  CA_STIND
005730    SRC_MINERVA_CA_STIND GST 68000 Macro Assembler Quanta V1.06 23:17 02/03/17
   005730  CA_STIND
   0057A8  CA_SSIND

SECTION  0057CE  00582E  RI_SWAP
0057CE    SRC_MINERVA_RI_SWAP GST 68000 Macro Assembler Quanta V1.06 23:17 02/03/17
   0057CE  RI_SWAP
   0057EE  RI_OVER
   005800  RI_DUP
   005812  RI_ROLL

SECTION  00582E  005872  RI_NABS
00582E    SRC_MINERVA_RI_NABS GST 68000 Macro Assembler Quanta V1.06 23:17 02/03/17
   005856  RI_ABS
   00585C  RI_NEG

SECTION  005872  0059BC  RI_MLDV
005872    SRC_MINERVA_RI_MLDV GST 68000 Macro Assembler Quanta V1.06 23:17 02/03/17
   005892  RI_SQUAR
   005896  RI_MULT
   00595A  RI_RECIPLink dev7_m_rom_German                                                                21:18 13 Dez 2018  Page 13

   00595E  RI_RDIV
   005962  RI_DIV

SECTION  0059BC  005B4E  RI_ADD
0059BC    SRC_MINERVA_RI_ADD GST 68000 Macro Assembler Quanta V1.06 23:17 02/03/17
   0059BC  RI_SUB
   0059C0  RI_ADD
   005A22  RI_DOUBL
   005A26  RI_CHKOV
   005A2E  RI_ERROV
   005A46  RI_FLOAT
   005A96  RI_RENRM
   005AAE  RI_FLONG
   005AB4  RI_FLLIN
   005ACA  RI_CMP

SECTION  005B4E  005C00  RI_POWER
005B4E    SRC_MINERVA_RI_POWER GST 68000 Macro Assembler Quanta V1.06 23:17 02/03/17
   005B4E  RI_POWFP
   005B78  RI_POWER

SECTION  005C00  005C5A  RI_INT
005C00    SRC_MINERVA_RI_INT GST 68000 Macro Assembler Quanta V1.06 23:17 02/03/17
   005C28  RI_NINT
   005C2C  RI_INT
   005C3A  RI_NLINT
   005C3E  RI_LINT

SECTION  005C5A  00602C  RI_TRIG
005C5A    SRC_MINERVA_RI_TRIG GST 68000 Macro Assembler Quanta V1.06 23:17 02/03/17
   005C94  RI_SIN
   005C9C  RI_COS
   005D1E  RI_TAN
   005D26  RI_COT
   005D8E  RI_ACOS
   005D98  RI_ASIN
   005DAC  RI_ACOT
   005DB8  RI_ATAN
   005DBA  RI_ARG
   005E80  RI_LOG10
   005E90  RI_LN
   005EF6  RI_EXP

SECTION  00602C  006106  RI_SQRT
00602C    SRC_MINERVA_RI_SQRT GST 68000 Macro Assembler Quanta V1.06 23:17 02/03/17
   00602C  RI_MOD
   00602E  RI_SSS
   0060AC  RI_SQRT

SECTION  006106  006176  RI_MISC
006106    SRC_MINERVA_RI_MISC GST 68000 Macro Assembler Quanta V1.06 23:17 02/03/17
   006106  RI_HALVE
   006116  RI_ONE
   006122  RI_ZERO
   006132  RI_N
   006134  RI_N_B
   006142  RI_K
   006144  RI_K_BLink dev7_m_rom_German                                                                21:18 13 Dez 2018  Page 14


SECTION  006176  00624A  RI_EXEC
006176    SRC_MINERVA_RI_EXEC GST 68000 Macro Assembler Quanta V1.06 23:17 02/03/17
   0061D8  RI_ABEX
   0061E0  RI_ABEXB
   0061EA  RI_EXEC
   0061F8  RI_EXECB

SECTION  00624A  0063AE  OD_SER
00624A    SRC_MINERVA_OD_SER GST 68000 Macro Assembler Quanta V1.06 23:17 02/03/17
   00624A  OD_SER

SECTION  0063AE  00656C  OD_PIPE
0063AE    SRC_MINERVA_OD_PIPE GST 68000 Macro Assembler Quanta V1.06 23:17 02/03/17
   0063AE  OD_PIPE
   0063EA  IO_SERQ

SECTION  00656C  006A42  OD_CON
00656C    SRC_MINERVA_OD_CONX GST 68000 Macro Assembler Quanta V1.06 23:17 02/03/17
   00656C  OD_CON

SECTION  006A42  006B24  OD_NET
006A42    SRC_MINERVA_OD_NET GST 68000 Macro Assembler Quanta V1.06 23:17 02/03/17
   006A42  OD_NET

SECTION  006B24  006BA8  SD_FRESH
006B24    SRC_MINERVA_SD_FRESH GST 68000 Macro Assembler Quanta V1.06 23:17 02/03/17
   006B24  SD_FRESH
   006B78  SD_MODES

SECTION  006BA8  006C88  SD_ENTRY
006BA8    SRC_MINERVA_SD_ENTRY GST 68000 Macro Assembler Quanta V1.06 23:17 02/03/17
   006BA8  SD_ENTRY

SECTION  006C88  006CB4  SD_ENQ
006C88    SRC_MINERVA_SD_ENQ GST 68000 Macro Assembler Quanta V1.06 23:17 02/03/17
   006C88  SD_PXENQ
   006C98  SD_CHENQ

SECTION  006CB4  006D7A  SD_WDEF
006CB4    SRC_MINERVA_SD_WDEF GST 68000 Macro Assembler Quanta V1.06 23:17 02/03/17
   006CB4  SD_WDEF
   006D12  SD_BORDR
   006D16  SD_BORDN

SECTION  006D7A  006E0C  SD_CURW
006D7A    SRC_MINERVA_SD_CURW GST 68000 Macro Assembler Quanta V1.06 23:17 02/03/17
   006D7A  SD_CURS
   006D84  SD_CURE
   006D92  SD_SCHED
   006DBA  SD_CURT

SECTION  006E0C  006ED0  SD_POS
006E0C    SRC_MINERVA_SD_POS GST 68000 Macro Assembler Quanta V1.06 23:17 02/03/17
   006E0C  SD_PCOL
   006E16  SD_NCOL
   006E22  SD_PROW
   006E2E  SD_NROWLink dev7_m_rom_German                                                                21:18 13 Dez 2018  Page 15

   006E3C  SD_HOME
   006E42  SD_TAB
   006E48  SD_POS
   006E60  SD_PIXP
   006E6C  SD_SETC
   006E84  SD_NL
   006E88  SD_CHCHK
   006EA8  SD_DONL
   006EAE  SD_NEWL

SECTION  006ED0  006F5A  SD_AREA
006ED0    SRC_MINERVA_SD_AREA GST 68000 Macro Assembler Quanta V1.06 23:17 02/03/17
   006ED0  SD_RECOL
   006ED8  SD_CLEAR
   006EDC  SD_CLRXX
   006EE2  SD_SCROL
   006EE8  SD_PAN

SECTION  006F5A  006FC6  SD_FILL
006F5A    SRC_MINERVA_SD_FILL GST 68000 Macro Assembler Quanta V1.06 23:17 02/03/17
   006F5A  SD_FILL

SECTION  006FC6  006FE8  SD_SETFO
006FC6    SRC_MINERVA_SD_SETFO GST 68000 Macro Assembler Quanta V1.06 23:17 02/03/17
   006FC6  SD_SETFO

SECTION  006FE8  006FF8  SD_SETCO
006FE8    SRC_MINERVA_SD_SETCO GST 68000 Macro Assembler Quanta V1.06 23:17 02/03/17
   006FE8  SD_SETCO

SECTION  006FF8  007086  SD_SETAT
006FF8    SRC_MINERVA_SD_SETAT GST 68000 Macro Assembler Quanta V1.06 23:17 02/03/17
   006FF8  SD_SETFL
   007004  SD_SETMD
   00700A  SD_SETUL
   007012  SD_SETSZ

SECTION  007086  0070A0  DD_MDV
007086    SRC_MINERVA_DD_MDV GST 68000 Macro Assembler Quanta V1.06 09:41 12/12/18
   007086  DD_MDV

SECTION  0070A0  00723C  DD_MDVIO
0070A0    SRC_MINERVA_DD_MDVIO GST 68000 Macro Assembler Quanta V1.06 23:17 02/03/17
   0070A0  DD_MDVRR
   00710C  DD_MDVPD
   007122  DD_MDVIO

SECTION  00723C  0073E0  DD_MDVOP
00723C    SRC_MINERVA_DD_MDVOP GST 68000 Macro Assembler Quanta V1.06 23:17 02/03/17
   00723C  DD_MDVOP
   0073B8  DD_MDVTR

SECTION  0073E0  00746C  DD_MDVCL
0073E0    SRC_MINERVA_DD_MDVCL GST 68000 Macro Assembler Quanta V1.06 23:17 02/03/17
   0073E0  DD_MDVCL
   0073EE  DD_MDVLU
   0073F8  DD_MDVCD
Link dev7_m_rom_German                                                                21:18 13 Dez 2018  Page 16

SECTION  00746C  007594  DD_MDVSC
00746C    SRC_MINERVA_DD_MDVSC GST 68000 Macro Assembler Quanta V1.06 22:16 22/11/18
   00746C  DD_MDVSC

SECTION  007594  007686  DD_MDVRN
007594    SRC_MINERVA_DD_MDVRN GST 68000 Macro Assembler Quanta V1.06 23:17 02/03/17
   007594  DD_MDVRN

SECTION  007686  00788A  DD_MDVBU
007686    SRC_MINERVA_DD_MDVBU GST 68000 Macro Assembler Quanta V1.06 23:17 02/03/17
   007686  DD_MDVBU
   00784C  DD_MDVNB

SECTION  00788A  007AEA  PA_GRTAB
00788A    SRC_MINERVA_PA_GRTAB GST 68000 Macro Assembler Quanta V1.06 23:17 02/03/17
   0039C3  PA$EXPR
   00788A  PA_GRTAB
   007A20  PA_KYTAB

SECTION  007AEA  007AF2  PA_TABLE
007AEA    SRC_MINERVA_PA_TABLE GST 68000 Macro Assembler Quanta V1.06 23:17 02/03/17
   003AEA  PA$TABLE
   007AEA  PA_TABLE

SECTION  007AF2  007B50  PA_STRIP
007AF2    SRC_MINERVA_PA_STRIP GST 68000 Macro Assembler Quanta V1.06 23:17 02/03/17
   003AF2  PA$STRIP
   007AF2  PA_STRIP

SECTION  007B50  007B78  PA_MIST
007B50    SRC_MINERVA_PA_MIST GST 68000 Macro Assembler Quanta V1.06 23:17 02/03/17
   003B50  PA$MIST
   007B50  PA_MIST

SECTION  007B78  007BE8  PA_KYWRD
007B78    SRC_MINERVA_PA_KYWRD GST 68000 Macro Assembler Quanta V1.06 23:17 02/03/17
   007B78  PA_KYWRD

SECTION  007BE8  007D20  PA_GRAPH
007BE8    SRC_MINERVA_PA_GRAPH GST 68000 Macro Assembler Quanta V1.06 23:17 02/03/17
   003BFC  PA$GRAPH
   003D14  PA$INI
   007BFC  PA_GRAPH
   007D16  PA_TBSYM

SECTION  007D20  007F5E  PA_CODE
007D20    SRC_MINERVA_PA_CODE GST 68000 Macro Assembler Quanta V1.06 23:17 02/03/17
   007D20  PA_CDSPC
   007D40  PA_CDTXT
   007D52  PA_TEXT
   007D66  PA_CDSYV
   007D68  PA_CDSTR
   007DB8  PA_CDNUM
   007DB8  PA_CDVAL
   007DFA  PA_CDLNO
   007E4E  PA_CDNAM
   007E90  PA_TOK1
   007EDC  PA_CDSEPLink dev7_m_rom_German                                                                21:18 13 Dez 2018  Page 17

   007EDF  PA_TBSEP
   007EF0  PA_CDMON
   007EF3  PA_TBMON
   007F04  PA_CDOPS
   007F07  PA_TBOPS

SECTION  007F5E  007FD2  PA_CHNLT
007F5E    SRC_MINERVA_PA_CHNLT GST 68000 Macro Assembler Quanta V1.06 23:17 02/03/17
   007F5E  PA_CHNLT
   007F76  PA_ALFNM

SECTION  007FD2  0080B2  PA_CHNAM
007FD2    SRC_MINERVA_PA_CHNAM GST 68000 Macro Assembler Quanta V1.06 23:17 02/03/17
   007FD2  PA_CHNAM
   008046  PA_CHUNR

SECTION  0080B2  0081A8  PF_NWLIN
0080B2    SRC_MINERVA_PF_NWLIN GST 68000 Macro Assembler Quanta V1.06 23:17 02/03/17
   0040B2  PF$NWLIN
   0080B2  PF_NWLIN

SECTION  0081A8  0081B6  PF_RELST
0081A8    SRC_MINERVA_PF_RELST GST 68000 Macro Assembler Quanta V1.06 23:17 02/03/17
   0041AE  PF$LISTE

SECTION  0081B6  0084B6  SB_START
0081B6    SRC_MINERVA_SB_START GST 68000 Macro Assembler Quanta V1.06 00:28 07/12/18
   0041BE  SB$START
   0081BE  SB_START

SECTION  0084B6  0086A6  SB_UNVR
0084B6    SRC_MINERVA_SB_UNVR GST 68000 Macro Assembler Quanta V1.06 23:17 02/03/17
   0084B6  SB_UNVR
   0084F4  SB_READ

SECTION  0086A6  008714  BF_ERFUN
0086A6    SRC_MINERVA_BF_ERFUN GST 68000 Macro Assembler Quanta V1.06 23:17 02/03/17
   0086A6  BF_ERRBL
   0086A8  BF_ERRRO
   0086AA  BF_ERRNI
   0086AC  BF_ERROV
   0086AE  BF_ERRXP
   0086B0  BF_ERRFE
   0086B2  BF_ERRBP
   0086B4  BF_ERRFF
   0086B6  BF_ERRTE
   0086B8  BF_ERRBN
   0086BA  BF_ERRDF
   0086BC  BF_ERREF
   0086BE  BF_ERRIU
   0086C0  BF_ERREX
   0086C2  BF_ERRNF
   0086C4  BF_ERRNO
   0086C6  BF_ERRBO
   0086C8  BF_ERROR
   0086CA  BF_ERROM
   0086CC  BF_ERRNJ
   0086CE  BF_ERRNCLink dev7_m_rom_German                                                                21:18 13 Dez 2018  Page 18

   0086DC  BF_ERLIN
   0086E2  BF_ERNUM
   008706  BF_FLLIN

SECTION  008714  0087CE  BF_DATE
008714    SRC_MINERVA_BF_DATE GST 68000 Macro Assembler Quanta V1.06 23:17 02/03/17
   008714  BF_DATE
   008716  BF_DAYS
   008718  BF_DATES
   00871A  BP_ADATE
   00871C  BP_SDATE
   008784  BF_DATEZ

SECTION  0087CE  008806  BF_KEYRW
0087CE    SRC_MINERVA_BF_KEYRW GST 68000 Macro Assembler Quanta V1.06 23:17 02/03/17
   0087CE  BF_KEYRW
   0087FE  BF_IPCOM

SECTION  008806  008ABE  BF_MOST
008806    SRC_MINERVA_BF_MOST GST 68000 Macro Assembler Quanta V1.06 23:17 02/03/17
   008806  BF_SIN
   00880A  BF_COS
   00880E  BF_TAN
   008812  BF_COT
   008816  BF_ASIN
   00881A  BF_ACOS
   00881E  BF_EXP
   008822  BF_LN
   008826  BF_LOG10
   00882A  BF_SQRT
   00882E  BF_ABS
   008836  BF_PI
   008846  BF_ACOT
   008848  BF_ATAN
   00887C  BF_DEG
   008880  BF_RAD
   0088A2  BF_RND
   00890A  BF_INT
   008914  BF_PEEKL
   008916  BF_PEEKW
   008918  BF_PEEK
   008944  BF_RESPR
   008956  BF_BEEPG
   00896C  BF_EOF
   00898C  BF_VERS
   0089CA  BP_PAUSE
   0089CC  BF_INKES
   008A2A  BF_CHRS
   008A4C  BF_FILLS
   008A82  BF_LEN
   008A88  BF_CODE
   008A92  BF_DIMN

SECTION  008ABE  008BDC  IB_ERROR
008ABE    SRC_MINERVA_IB_ERROR GST 68000 Macro Assembler Quanta V1.06 23:17 02/03/17
   008ABE  IB_PSERR
   008AEE  IB_ERNOL
   008AF8  IB_ERRORLink dev7_m_rom_German                                                                21:18 13 Dez 2018  Page 19

   008B6C  IB_ERRNC
   008B8C  IB_ERREP

SECTION  008BDC  008D1A  IB_WHEN
008BDC    SRC_MINERVA_IB_WHEN GST 68000 Macro Assembler Quanta V1.06 23:18 02/03/17
   008BEE  IB_WHEN
   008C0A  IB_WHZAP
   008CB8  IB_WHDEL
   008CE0  IB_WHRNM

SECTION  008D1A  008E72  IB_GOLIN
008D1A    SRC_MINERVA_IB_GOLIN GST 68000 Macro Assembler Quanta V1.06 23:18 02/03/17
   008D1A  IB_GOLIN
   008D48  IB_NXTK
   008D8A  IB_GLIN0
   008D92  IB_GLIN1

SECTION  008E72  009188  IB_CALL
008E72    SRC_MINERVA_IB_CALL GST 68000 Macro Assembler Quanta V1.06 23:18 02/03/17
   008E72  IB_BPROC
   008E74  IB_CALL
   008FE6  IB_CHEOS
   009040  IB_RET
   00911A  IB_UNRET

SECTION  009188  009292  IB_NPASS
009188    SRC_MINERVA_IB_NPASS GST 68000 Macro Assembler Quanta V1.06 23:18 02/03/17
   009188  IB_NPASS
   00920E  IB_S4NON
   009210  IB_S2NON
   009212  IB_NXNON
   009264  IB_NXNAM
   00926A  IB_NXCOM

SECTION  009292  00939C  IB_START
009292    SRC_MINERVA_IB_START GST 68000 Macro Assembler Quanta V1.06 23:18 02/03/17
   009296  IB_START
   0092A6  IB_STSNG
   0092AA  IB_STIMM
   0092D4  IB_ST2
   0092F6  IB_ST1
   009350  IB_STBAS
   00935C  IB_STNXL
   009360  IB_STNXI
   00938A  IB_STEOF

SECTION  00939C  009446  IB_GOST
00939C    SRC_MINERVA_IB_GOST GST 68000 Macro Assembler Quanta V1.06 23:18 02/03/17
   0093A2  IB_GOST
   0093AE  IB_NXST
   009402  IB_EOS

SECTION  009446  00949C  IB_END
009446    SRC_MINERVA_IB_END GST 68000 Macro Assembler Quanta V1.06 23:18 02/03/17
   009446  IB_END
   00948C  IB_ENDW

SECTION  00949C  00952C  IB_LETLink dev7_m_rom_German                                                                21:18 13 Dez 2018  Page 20

00949C    SRC_MINERVA_IB_LET GST 68000 Macro Assembler Quanta V1.06 23:18 02/03/17
   00949C  IB_LET

SECTION  00952C  009604  IB_ARRAY
00952C    SRC_MINERVA_IB_ARRAY GST 68000 Macro Assembler Quanta V1.06 23:18 02/03/17
   009530  IB_ARRAY

SECTION  009604  009694  IB_SYMBL
009604    SRC_MINERVA_IB_SYMBL GST 68000 Macro Assembler Quanta V1.06 23:18 02/03/17
   009604  IB_ON
   009620  IB_SYMBL
   009662  IB_FCHK

SECTION  009694  00980E  IB_SEL
009694    SRC_MINERVA_IB_SEL GST 68000 Macro Assembler Quanta V1.06 23:18 02/03/17
   009694  IB_SEL

SECTION  00980E  009830  IB_RESTR
00980E    SRC_MINERVA_IB_RESTR GST 68000 Macro Assembler Quanta V1.06 23:18 02/03/17
   00980E  IB_RESTR

SECTION  009830  009866  IB_NAME
009830    SRC_MINERVA_IB_NAME GST 68000 Macro Assembler Quanta V1.06 23:18 02/03/17
   009830  IB_NAME
   00983A  IB_NAME1

SECTION  009866  0099EE  IB_WSCAN
009866    SRC_MINERVA_IB_WSCAN GST 68000 Macro Assembler Quanta V1.06 23:18 02/03/17
   00989E  IB_WSCAN
   0098B6  IB_WSCNX
   00993C  IB_WTEST
   0099BE  IB_EWRET

SECTION  0099EE  009D18  IB_NEXT
0099EE    SRC_MINERVA_IB_NEXT GST 68000 Macro Assembler Quanta V1.06 23:18 02/03/17
   009A66  IB_NEXT
   009A70  IB_PSEND
   009A80  IB_LOOP
   009B6E  IB_FRNGE
   009CD8  IB_GTLPL
   009CF2  IB_INDEX
   009D0A  IB_FNAME

SECTION  009D18  009DC6  IB_PROC
009D18    SRC_MINERVA_IB_PROC GST 68000 Macro Assembler Quanta V1.06 23:18 02/03/17
   009D18  IB_PROC

SECTION  009DC6  009DE4  IB_DEF
009DC6    SRC_MINERVA_IB_DEF GST 68000 Macro Assembler Quanta V1.06 23:18 02/03/17
   009DC6  IB_DEF
   009DC8  IB_DEF1

SECTION  009DE4  009E02  IB_CHINL
009DE4    SRC_MINERVA_IB_CHINL GST 68000 Macro Assembler Quanta V1.06 23:18 02/03/17
   009DE4  IB_CHINL

SECTION  009E02  009F20  IB_DIM
009E02    SRC_MINERVA_IB_DIM GST 68000 Macro Assembler Quanta V1.06 23:18 02/03/17Link dev7_m_rom_German                                                                21:18 13 Dez 2018  Page 21

   009E02  IB_DIM
   009E38  IB_MKDIM
   009EBC  IB_FRDIM
   009ED2  IB_FRDES

SECTION  009F20  009FAC  IB_EXIT
009F20    SRC_MINERVA_IB_EXIT GST 68000 Macro Assembler Quanta V1.06 23:18 02/03/17
   009F20  IB_EXIT
   009F4C  IB_FEND

SECTION  009FAC  00A08C  IB_FOR
009FAC    SRC_MINERVA_IB_FOR GST 68000 Macro Assembler Quanta V1.06 23:18 02/03/17
   009FAC  IB_REP
   009FB4  IB_FOR

SECTION  00A08C  00A0EA  IB_GOTO
00A08C    SRC_MINERVA_IB_GOTO GST 68000 Macro Assembler Quanta V1.06 23:18 02/03/17
   00A08C  IB_GOTO
   00A090  IB_ONGO

SECTION  00A0EA  00A178  IB_IF
00A0EA    SRC_MINERVA_IB_IF GST 68000 Macro Assembler Quanta V1.06 23:18 02/03/17
   00A0EA  IB_IF
   00A13C  IB_ELSE

SECTION  00A178  00A1D0  IB_KYWRD
00A178    SRC_MINERVA_IB_KYWRD GST 68000 Macro Assembler Quanta V1.06 23:18 02/03/17
   00A1B6  IB_KYWRD

SECTION  00A1D0  00A352  IB_STOP
00A1D0    SRC_MINERVA_IB_STOP GST 68000 Macro Assembler Quanta V1.06 23:18 02/03/17
   0062DA  IB$NEW
   00A1E4  IB_STOP
   00A2A2  IB_CLVV

SECTION  00A352  00A400  GW_PIXEL
00A352    SRC_MINERVA_GW_PIXEL GST 68000 Macro Assembler Quanta V1.06 23:18 02/03/17
   00A352  GW_PIXEL

SECTION  00A400  00A446  GW_PIXAD
00A400    SRC_MINERVA_GW_PIXAD GST 68000 Macro Assembler Quanta V1.06 23:18 02/03/17
   00A400  GW_PIXAD

SECTION  00A446  00A4D4  GW_CHOCT
00A446    SRC_MINERVA_GW_CHOCT GST 68000 Macro Assembler Quanta V1.06 23:18 02/03/17
   00A446  GW_CHOCT

SECTION  00A4D4  00A5B6  GW_PITT
00A4D4    SRC_MINERVA_GW_PITT GST 68000 Macro Assembler Quanta V1.06 23:18 02/03/17
   00A4D4  GW_PITT

SECTION  00A5B6  00A632  GW_TRANS
00A5B6    SRC_MINERVA_GW_TRANS GST 68000 Macro Assembler Quanta V1.06 23:18 02/03/17
   00A5B6  GW_TRANS

SECTION  00A632  00A880  GW_FIG
00A632    SRC_MINERVA_GW_FIG GST 68000 Macro Assembler Quanta V1.06 23:18 02/03/17
   00A632  GW_FIGLink dev7_m_rom_German                                                                21:18 13 Dez 2018  Page 22

   00A67E  GW_PSORG
   00A68C  GW_PSCAL
   00A6A2  GW_ASP

SECTION  00A880  00A8CC  GW_FLOOD
00A880    SRC_MINERVA_GW_FLOOD GST 68000 Macro Assembler Quanta V1.06 23:18 02/03/17
   00A880  GW_FLOOF
   00A882  GW_FLOOD

SECTION  00A8CC  00A8DA  GW_SCALE
00A8CC    SRC_MINERVA_GW_SCALE GST 68000 Macro Assembler Quanta V1.06 23:18 02/03/17
   00A8CC  GW_SCALE

SECTION  00A8DA  00A926  GW_GCUR
00A8DA    SRC_MINERVA_GW_GCUR GST 68000 Macro Assembler Quanta V1.06 23:18 02/03/17
   00A8DA  GW_GCUR

SECTION  00A926  00AAA6  CS_CHAR
00A926    SRC_MINERVA_CS_CHAR GST 68000 Macro Assembler Quanta V1.06 23:18 02/03/17
   00A926  CS_CHAR

SECTION  00AAA6  00AB1A  CS_COLOR
00AAA6    SRC_MINERVA_CS_COLOR GST 68000 Macro Assembler Quanta V1.06 23:18 02/03/17
   00AAA6  CS_COLOR
   00AAE4  CS_PLAIN

SECTION  00AB1A  00AD9C  CS_AREA
00AB1A    SRC_MINERVA_CS_AREA GST 68000 Macro Assembler Quanta V1.06 23:18 02/03/17
   00AB7C  CS_OVER
   00AB90  CS_RECOL
   00ABAE  CS_SCROL
   00ABEC  CS_FILL
   00ABF8  CS_PAN

SECTION  00AD9C  00AE58  II_CLOCK
00AD9C    SRC_MINERVA_II_CLOCK GST 68000 Macro Assembler Quanta V1.06 23:18 02/03/17
   00AD9C  II_CLOCK

SECTION  00AE58  00B00E  II_DRIVE
00AE58    SRC_MINERVA_II_DRIVE GST 68000 Macro Assembler Quanta V1.06 23:18 02/03/17
   006E60  II$DRIVE
   006E68  II$RAW

SECTION  00B00E  00B10C  TB_MULTI
00B00E    SRC_MINERVA_TB_MULTI GST 68000 Macro Assembler Quanta V1.06 10:36 27/02/18
   00B00F  TB_MULTI
   00B10C  TB_MULTX

SECTION  00B10C  00B35A  TB_KBENC
00B10C    SRC_MINERVA_TB_GERMAN_KBENC GST 68000 Macro Assembler Quanta V1.06 00:25 07/12/18
   00B1B0  TB_KBENC

SECTION  00B35A  00B35A  TB_KBD
00B35A    SRC_MINERVA_TB_KBD GST 68000 Macro Assembler Quanta V1.06 23:18 02/03/17

SECTION  00B35A  00B382  TB_ITRN
00B35A    SRC_MINERVA_TB_ITRN GST 68000 Macro Assembler Quanta V1.06 23:18 02/03/17
   00B35A  TB_ITRNLink dev7_m_rom_German                                                                21:18 13 Dez 2018  Page 23


SECTION  00B382  00B3D2  TB_OTRN
00B382    SRC_MINERVA_TB_OTRN GST 68000 Macro Assembler Quanta V1.06 23:18 02/03/17
   00B382  TB_OTRN

SECTION  00B3D2  00B3D6  TB_TRN
00B3D2    SRC_MINERVA_TB_TRN GST 68000 Macro Assembler Quanta V1.06 00:11 03/03/17
   00B3D2  TB_TRN

SECTION  00B3D6  00B412  TB_MSG
00B3D6    SRC_MINERVA_TB_GERMAN_MSG GST 68000 Macro Assembler Quanta V1.06 00:25 07/12/18
   00B3D6  TB_MSG

SECTION  00B412  00B690  TB_TXT
00B412    SRC_MINERVA_TB_GERMAN_MSG GST 68000 Macro Assembler Quanta V1.06 00:25 07/12/18

SECTION  00B690  00B9FC  TB_F0
00B690    SRC_MINERVA_TB_F0 GST 68000 Macro Assembler Quanta V1.06 23:18 02/03/17
   00B690  TB_F0

SECTION  00B9FC  00BF9E  TB_F1
00B9FC    SRC_MINERVA_TB_F1 GST 68000 Macro Assembler Quanta V1.06 23:18 02/03/17
   00B9FC  TB_F1
   00BF0E  TB_HEX
End of program
00BF9E


0  errors
0  warnings
00000000
